third_pillar_payment_success[en]=[
<!DOCTYPE HTML>
<html>
  <body>
    <p>Hi Jordan,</p>
    <p>I’m glad you’re saving in the third pillar with us.</p>
    <p>Your payment of 10.00 EUR has successfully arrived at the Estonian Pension Registry. Your new contribution will appear on your pension account in the next 2 working days.</p>

    <br/>
    <strong>It makes sense to automate your savings.</strong>
    <p>If you haven’t yet, set up automatic recurring payments in your internet bank, so you can be certain that you are always taking care of your future self. By spreading your purchases over the year, you are reducing the risk of buying stocks when they are at peak prices.</p>

    <br/>
    <strong>Calculate your maximum tax break and if needed, start small.</strong>
    <p>You will get the highest tax break if you contribute 15% of your gross income (but no more than 6,000 euros per year). <a href="https://tuleva.ee/en/iii-pillar/?utm_source=autoemail&utm_medium=clients&utm_campaign=payment_details&utm_content=kalkulaator">Here is a calculator to help with deciding.</a><br><br>Don’t be afraid if the amount seems too high at first. Start with a contribution that you are comfortable with: the sooner you begin, the bigger the impact of compound returns. You can always cancel your contributions if something unexpected happens.</p>

    <br/>
    <p>To set up a recurring payment, log into <b>your internet bank</b> and create a <b>standing order</b>:</p>
    <p>
      <span>Payee</span>:
      <strong>AS Pensionikeskus</strong>
    </p>
    <p>
      <span>Account number</span>:
      <br/>
      <strong>EE362200221067235244</strong> - Swedbank*
      <br/>
      <strong>EE141010220263146225</strong> - SEB
      <br/>
      <strong>EE961700017004379157</strong> - Luminor
      <br/>
      <strong>EE547700771002908125</strong> - LHV
    </p>
    <p>
      <span>Payment details</span>:
      <strong>30101119828</strong>
    </p>
    <p>
      <span>Reference number</span>:
      <strong>993432432</strong>
    </p>

    <p><strong>*Attention!</strong> If you are making a deposit through Swedbank, you will see a message “Contributions to the third pillar fund can be made here”. Click the link, permit the bank to fetch your account data from Pensionikeskus and you will receive a pre-filled third pillar payment form. Choose the “According to the choice application” fund option and enter your desired purchase amount. You can then make a single contribution or set up a recurring payment.</p>
    <p>If you have any questions please contact us via <a href="mailto:tuleva@tuleva.ee">tuleva@tuleva.ee</a> or 644 5100.</p>
    <br/>
    <p>Tõnu Pekk<br>Fund manager<br>Tuleva</p>
  </body>
</html>

]


third_pillar_payment_success[et]=[
<!DOCTYPE HTML>
<html>
  <body>
    <p>Tere, Jordan.</p>
    <p>Mul on hea meel, et kogud meiega koos kolmandasse sambasse.</p>
    <p>Sinu sissemakse summas 10.00 EUR on edukalt Pensionikeskusesse jõudnud. Uued osakud jõuavad sinu pensionikontole kahe tööpäeva jooksul.</p>

    <br/>
    <strong>Kõige kavalam on teha säästmine automaatseks.</strong>
    <p>Kui sa veel pole jõudnud, sea internetipangas üles igakuine püsimakse. Nii on kindel, et sa kiires elurütmis oma tuleviku-mina eest hoolitsemist ära unustama ei kipu. Fondiosakute ostusid ajas hajutades maandad ka riski, et korraga suuremat summat investeerides satud ostma aktsiaid just turu tipphetkel.</p>

    <br/>
    <strong>Arvuta välja maksimaalne maksuvõit ja kui vaja, alusta tagasihoidlikumalt.</strong>
    <p>Kõige rohkem võidad, kui paigutad kolmandasse sambasse 15% oma brutosissetulekust (ja mitte rohkem kui 6000 eurot aastas). <a href="https://tuleva.ee/iii-sammas/?utm_source=autoemail&utm_medium=clients&utm_campaign=payment_details&utm_content=kalkulaator">Võta arvutamisel appi kalkulaator</a>.<br><br>Kui esialgu nii palju kõrvale panna pole võimalik, ära heitu! Alusta täna ükskõik kui tillukese igakuise säästuga: varem alustajal on tänu liit-tulule investeerimisel suur eelis. Kui midagi ootamatut juhtub, saad maksed alati vajadusel katkestada.</p>

    <br/>
    <p>Püsimakse üles seadmiseks logi sisse <b>oma internetipanka</b> ja sõlmi <b>püsikorralduse leping</b>:</p>
    <p>
      <span>Makse saaja</span>:
      <strong>AS Pensionikeskus</strong>
    </p>
    <p>
      <span>Arve number</span>:
      <br/>
      <strong>EE362200221067235244</strong> - Swedbank*
      <br/>
      <strong>EE141010220263146225</strong> - SEB
      <br/>
      <strong>EE961700017004379157</strong> - Luminor
      <br/>
      <strong>EE547700771002908125</strong> - LHV
    </p>
    <p>
      <span>Makse selgitus</span>:
      <strong>30101119828</strong>
    </p>
    <p>
      <span>Viitenumber</span>:
      <strong>993432432</strong>
    </p>

    <p><strong>*Tähelepanu!</strong> Kui teed sissemakse Swedbanki internetipanga kaudu, näed makseinfo sisestamisel teadet: “Sissemakseid III samba fondi saab teha siin”. Klõpsa julgelt panga pakutud lingil, anna pangale volitus küsida Pensionikeskusest sinu konto andmed ja sind ootab ees kolmanda samba fondi ostukorraldus, milles on vajalikud andmed juba olemas. Vali soovitud fondiks “Vastavalt valikuavaldusele” ning märgi investeeritav summa. Soovi korral saad nii teha ühekordse makse või üles seada püsimakse.</p>
    <p>Kui sul tekib ükskõik milliseid küsimusi, võta kõhklemata ühendust: e-post <a href="mailto:tuleva@tuleva.ee">tuleva@tuleva.ee</a>, tel 644 5100.</p>
    <br/>
    <p>Tõnu Pekk<br>Fondijuht<br>Tuleva</p>
  </body>
</html>

]


third_pillar_suggest_second[en]=[
<!DOCTYPE HTML>
<html>
  <body>
    <p>Hello Jordan,</p>
    <p>You have started to save in Tuleva’s third pillar fund with low fees and a fact-based investment strategy. I noticed that you are not investing your second pillar with us.<br><br>In a typical bank-run fund you pay up to three times more in fees than with Tuleva. You can check where your second pillar contributions go by <a href="https://pension.tuleva.ee/login?utm_source=autoemail&utm_medium=clients&utm_campaign=sug_2.1">logging in here</a>. Switching the fund is free of charge and takes only a few minutes.</p>

    <br/>
    <strong>Should you bring your second pillar to Tuleva?</strong>
    <p>I would do that – actually, I have my second pillar in Tuleva World Stocks Pension Fund and my third pillar also with Tuleva.<br><br>In fact, banks also have low-cost index funds in their product offering, but only with Tuleva can you be sure that the good funds are not hidden among high-fee ones that have so far performed pretty badly. Nobody at Tuleva will try to convince you to switch back to a high-cost fund.</p>

    <br/>
    <strong>Isn’t it better for risk diversification to keep my second pillar elsewhere?</strong>
    <p>All Estonian pension funds – both in the second and third pillar – have their assets well diversified among hundreds of investments. In addition, in all pension funds the investors are protected against the business risks of the fund manager. This is set in the Law and investors in pension funds themselves do not have to spread their assets between many fund managers for risk protection.<br><br>It is important to remember, however, that your money in pension funds is open to market risk. When world markets fall, all pension fund unit prices fall too. It does not help if your assets are spread among many fund managers.</p>

    <br/>
    <strong>Do you want to know why the second and third pillars are useful?</strong>
    <p><a href="https://tuleva.ee/en/recommendations/15-minutes/?utm_source=autoemail&utm_medium=clients&utm_campaign=sug_2.1&utm_content=laura_rikkaks">Read this short article</a> where I describe my investment portfolio, the foundation of which are the second and third pension pillars. You will also find links to a longer series of blog posts which should give you the confidence to start investing now. You will find that pension funds are very clever investment tools with significant tax advantages.</p>
    <br/>

    <p>If you have any questions please contact us via <a href="mailto:tuleva@tuleva.ee">tuleva@tuleva.ee</a> or 644 5100.</p>
    <br/>

    <p>Tõnu Pekk<br>Fund manager<br>Tuleva</p>
  </body>
</html>

]


third_pillar_suggest_second[et]=[
<!DOCTYPE HTML>
<html>
  <body>
    <p>Tervist, Jordan.</p>
    <p>Sa alustasid kogumist Tuleva madalate kulude ja tõestuspõhise investeerimisstrateegiaga kolmanda samba fondis. Märkasin, et teise sambasse sa veel koos meiega ei kogu.<br><br>Vanas pangafondis maksad igal aastal oma varast tasudeks kuni kolm korda rohkem. Vaata üle, kuhu sinu teise samba säästud täna lähevad - selleks <a href="https://pension.tuleva.ee/login?utm_source=autoemail&utm_medium=clients&utm_campaign=sug_2.1">logi sisse oma pensionikontole</a>. Fondivahetus on tasuta ja võtab vaid mõne minuti.</p>

    <br/>
    <strong>Kas sa peaksid oma teise samba just Tulevasse tooma?</strong>
    <p>Mina sinu asemel tooksin küll - ma ise kogungi teise sambasse Tuleva Maailma Aktsiate Pensionifondis ja kolmandasse sambasse samuti Tulevas.<br><br>Tegelikult on täna ka pankadel soodsama tasuga indeksifondid valikus olemas, aga ainult Tulevas võid kindel olla, et head fondid pole peidetud kõrge tasu ja siiani järjekindlalt kehvema tootlusega fondide vahele. Keegi Tulevas ei hakka sind kallimasse fondi tagasi meelitama.</p>

    <br/>
    <strong>Kas riskide hajutamiseks pole parem koguda teise sambasse mujal?</strong>
    <p>Kõigi Eesti pensionifondide - nii teise kui kolmanda samba fondide - vara on maailmaturu sadade instrumentide vahel väga hästi hajutatud. Lisaks on pensionikoguja kõigis pensionifondides kaitstud fondivalitseja äririski eest. Seda tagab seadus ja pensionikoguja ise ei pea riski maandamiseks raha mitme fondivalitseja vahel laiali jagama.<br><br>Oluline on ka meeles pidada, et sinu raha kõigis pensionifondides on avatud tururiskile. Kui maailma väärtpaberiturud langevad, siis langevad kõigi pensionifondide osakute hinnad. Siin vara jagamine erinevate fondivalitsejate aktsiatesse investeerivate fondide vahel ei aita.</p>

    <br/>
    <strong>Tahaksid lähemalt teada, milleks teine ja kolmas sammas kasulikud on?</strong>
    <p><a href="https://tuleva.ee/laura-rikkaks/15-minutiga-miljonariks/?utm_source=autoemail&utm_medium=clients&utm_campaign=sug_2.1&utm_content=laura_rikkaks">Loe läbi lühike artikkel</a>, kus kirjeldan oma lihtsat investeerimisportfelli, mille aluseks on teine ja kolmas pensionisammas. Artikli alt leiad viited pikemale artikliseeriale, mis peaks andma sulle enesekindluse investeerimisega alustamiseks. Saad väga hea arusaamise sellest, miks pensionisambad on kavalad maksueelisega tööriistad tuleviku heaks raha kogumiseks.</p>
    <br/>

    <p>Kui sul tekib ükskõik milliseid küsimusi, võta kõhklemata ühendust: e-post <a href="mailto:tuleva@tuleva.ee">tuleva@tuleva.ee</a>, tel 644 5100.</p>
    <br/>

    <p>Tõnu Pekk<br>Fondijuht<br>Tuleva</p>
  </body>
</html>

]
