second_pillar_suggest_membership[en]=[
<!DOCTYPE HTML>
<html>
  <body>
    <p>Hello Jordan,</p>
    <br>
    <p>You are now saving for your pension alongside me and other Tuleva members. Your payments will be directed to the chosen pension fund from the next payment made. If you wish to swap any existing shares, the exchange of units will take effect on 03.01.2022.</p>
    <br>
    
    <p>Tuleva's owners are the pension savers themselves. As a Tuleva pension fund client, you have no obligation to become a member of Tuleva. All Estonian citizens are able to save together with us in our modern, low-cost pension funds. Having said that, I would still welcome you to think about becoming a member, since you benefit the most from Tuleva whilst being a co-owner yourself.<br><br><a href="https://tuleva.ee/en/mutual-company-2/?utm_source=autoemail&utm_medium=clients&utm_campaign=sug_mem">More information about the benefits of being a member of Tuleva</a></p>
    <br>
    <p>Attached is a copy of the application you just made on our website and which we have sent to Pensionikeskus.</p>
    <p>If you have any questions please contact us via <a href="mailto:tuleva@tuleva.ee">tuleva@tuleva.ee</a> or 644 5100.</p>
    <br>
    <p>Tuleva</p>
  </body>
</html>

]


second_pillar_suggest_membership[et]=[
<!DOCTYPE HTML>
<html>
  <body>
    <p>Tervist, Jordan.</p>
    <br>
    <p>Kogud nüüd oma teise samba pensionit koos minu ja teiste Tuleva liikmetega. Sinu maksed suunatakse valitud pensionifondi alates järgmisest maksest. Kui sa soovisid olemasolevad osakud vahetada, siis osakute vahetus jõustub 03.01.2022.</p>
    <br>
    
    <p>Tuleva pensionifondide valitseja kuulub inimestele, kes ka ise neis fondides oma tuleviku jaoks raha koguvad. Tuleva pensionifondide kliendina ei ole sul mingit kohustust Tuleva ühistu liikmeks astuda - meiega koos võivad kaasaegses, madalate kuludega fondis pensionit koguda kõik Eesti inimesed. Aga kutsun sind liikmeks tulemist kaaluma, sest kõige rohkem saad Tulevast kasu, olles ise kaasomanik.<br><br><a href="https://tuleva.ee/liikmetele/31-marts-korduma-kippuvad-kusimused/?utm_source=autoemail&utm_medium=clients&utm_campaign=sug_mem">Vaata lähemalt, mida Tuleva liikmeks olek tähendab</a></p>
    <br>
    <p>Käesolevale kirjale on lisatud koopia sinu tehtud avaldustest, mis on saadetud Pensionikeskusesse.</p>
    <p>Kui sul tekib ükskõik milliseid küsimusi, võta kõhklemata ühendust: e-post <a href="mailto:tuleva@tuleva.ee">tuleva@tuleva.ee</a>, tel 644 5100.</p>
    <br>
    <p>Tuleva</p>
  </body>
</html>

]


second_pillar_suggest_third[en]=[
<!DOCTYPE HTML>
<html>
  <body>
    <p>Hello Jordan,</p>
    <br>
    <p>You are now saving for your pension alongside me and other Tuleva members. Your payments will be directed to the chosen pension fund from the next payment made. If you wish to swap any existing shares, the exchange of units will take effect on 03.01.2022.</p>
    <br>
    <p>Next, set up your third pillar. You receive back the income tax on any contributions made this year already next spring. <a href="https://tuleva.ee/iii-sammas/?utm_source=autoemail&utm_medium=clients&utm_campaign=sug_3">Start from here.</a></p>
    
    <br>
    <p>Attached is a copy of the application you just made on our website and which we have sent to Pensionikeskus.</p>
    <p>If you have any questions please contact us via <a href="mailto:tuleva@tuleva.ee">tuleva@tuleva.ee</a> or 644 5100.</p>
    <br>
    <p>Tuleva</p>
  </body>
</html>

]


second_pillar_suggest_third[et]=[
<!DOCTYPE HTML>
<html>
  <body>
    <p>Tervist, Jordan.</p>
    <br>
    <p>Kogud nüüd oma teise samba pensionit koos minu ja teiste Tuleva liikmetega. Sinu maksed suunatakse valitud pensionifondi alates järgmisest maksest. Kui sa soovisid olemasolevad osakud vahetada, siis osakute vahetus jõustub 03.01.2022.</p>
    <br>
    <p>Järgmisena sea üles kolmas sammas. Sel aastal tehtud sissemaksetelt annab riik sulle tulumaksu juba kevadel tagasi. <a href="https://tuleva.ee/iii-sammas/?utm_source=autoemail&utm_medium=clients&utm_campaign=sug_3">Alusta siit.</a></p>
    
    <br>
    <p>Käesolevale kirjale on lisatud koopia sinu tehtud avaldustest, mis on saadetud Pensionikeskusesse.</p>
    <p>Kui sul tekib ükskõik milliseid küsimusi, võta kõhklemata ühendust: e-post <a href="mailto:tuleva@tuleva.ee">tuleva@tuleva.ee</a>, tel 644 5100.</p>
    <br>
    <p>Tuleva</p>
  </body>
</html>

]


second_pillar_transfer_cancellation[en]=[
<!DOCTYPE HTML>
<html>
  <body>
    <p>Hello Jordan,</p>
    <br>
    <p>You have submitted a cancellation application through Tuleva. Your second pillar assets will stay in Kohustuslik Pensionifond Danske Pension 25.</p>
    <br>
    <p>Attached is a copy of the application you just made on our website and which we have sent to Pensionikeskus.</p>
    <p>If you have any questions please contact us via <a href="mailto:tuleva@tuleva.ee">tuleva@tuleva.ee</a> or 644 5100.</p>
    <br>
    <p>Tuleva</p>
  </body>
</html>

]


second_pillar_transfer_cancellation[et]=[
<!DOCTYPE HTML>
<html>
  <body>
    <p>Tervist, Jordan.</p>
    <br>
    <p>Tegid Tuleva kaudu tühistamise avalduse. Sinu teise samba vara jääb edasi fondi: Kohustuslik Pensionifond Danske Pension 25.</p>
    <br>
    <p>Käesolevale kirjale on lisatud koopia sinu tehtud avaldustest, mis on saadetud Pensionikeskusesse.</p>
    <p>Kui sul tekib ükskõik milliseid küsimusi, võta kõhklemata ühendust: e-post <a href="mailto:tuleva@tuleva.ee">tuleva@tuleva.ee</a>, tel 644 5100.</p>
    <br>
    <p>Tuleva</p>
  </body>
</html>

]


second_pillar_withdraw_cancellation[en]=[
<!DOCTYPE HTML>
<html>
  <body>
    <p>Hello Jordan,</p>
    <br>
    <p>You have cancelled your 2nd pillar withdrawal application. You continue to save in 2nd pillar as before.</p>
    <br>
    <p>Attached is a copy of the application you just made on our website and which we have sent to Pensionikeskus.</p>
    <p>If you have any questions please contact us via <a href="mailto:tuleva@tuleva.ee">tuleva@tuleva.ee</a> or 644 5100.</p>
    <br>
    <p>Tuleva</p>
  </body>
</html>

]


second_pillar_withdraw_cancellation[et]=[
<!DOCTYPE HTML>
<html>
  <body>
    <p>Tervist, Jordan.</p>
    <br>
    <p>Tühistasid Tuleva kaudu oma teisest sambast lahkumise avalduse ja sa jätkad kogumist teises sambas nii nagu seni.</p>
    <br>
    <p>Käesolevale kirjale on lisatud koopia sinu tehtud avaldustest, mis on saadetud Pensionikeskusesse.</p>
    <p>Kui sul tekib ükskõik milliseid küsimusi, võta kõhklemata ühendust: e-post <a href="mailto:tuleva@tuleva.ee">tuleva@tuleva.ee</a>, tel 644 5100.</p>
    <br>
    <p>Tuleva</p>
  </body>
</html>

]


third_pillar_payment_reminder[en]=[
<!DOCTYPE HTML>
<html>
  <body>
    <p>Welcome Jordan,</p>
    <p>I’m glad you’ve decided to start saving in the third pillar with us.</p>
    <p>Your contribution has not reached the Tuleva III Pillar Pension Fund yet. If you made a payment from your internet bank or set up a recurring payment, your contribution will show up on your pension account one working day after payment.</p>
    <p>If you forgot to make a payment, <a href="https://pension.tuleva.ee/3rd-pillar-flow/payment?utm_source=autoemail&utm_medium=clients&utm_campaign=reminder_3">log into your pension account</a> and do it now.</p>
    <p>Attached is a copy of your third pillar application, which we have sent to the Pension Registry.</p>

    <p>If you have any questions please contact us via <a href="mailto:tuleva@tuleva.ee">tuleva@tuleva.ee</a> or 644 5100.</p>
    <br/>
    <p>Tõnu Pekk<br>Fund manager<br>Tuleva</p>
  </body>
</html>

]


third_pillar_payment_reminder[et]=[
<!DOCTYPE HTML>
<html>
  <body>
    <p>Tere tulemast, Jordan.</p>
    <p>Mul on hea meel, et oled alustanud meiega koos kolmandasse sambasse raha kogumist.</p>
    <p>Sinu sissemakse pole veel Tuleva III Samba Pensionifondi jõudnud. Kui tegid makse oma internetipangast või seadsid üles püsimakse, siis jõuab sinu raha fondi üks tööpäev pärast makse tegemist. Siis näed makset ka oma pensionikontol.</p>
    <p>Kui unustasid makse tegemata, <a href="https://pension.tuleva.ee/3rd-pillar-flow/payment?utm_source=autoemail&utm_medium=clients&utm_campaign=reminder_3">logi sisse oma pensionikontole</a> ja tee makse ära.</p>
    <p>Manuses on koopia sinu tehtud avaldustest, mille edastasime Pensionikeskusele.</p>

    <p>Kui sul tekib ükskõik milliseid küsimusi, võta kõhklemata ühendust: e-post <a href="mailto:tuleva@tuleva.ee">tuleva@tuleva.ee</a>, tel 644 5100.</p>
    <br/>
    <p>Tõnu Pekk<br>Fondijuht<br>Tuleva</p>
  </body>
</html>

]


third_pillar_suggest_second[en]=[
<!DOCTYPE HTML>
<html>
  <body>
    <p>Hello Jordan,</p>
    <p>You have started to save in Tuleva’s third pillar fund with low fees and a fact-based investment strategy. I noticed that you are not investing your second pillar with us.<br><br>In a typical bank-run fund you pay up to three times more in fees than with Tuleva. You can check where your second pillar contributions go by <a href="https://pension.tuleva.ee/login?utm_source=autoemail&utm_medium=clients&utm_campaign=sug_2.1">logging in here</a>. Switching the fund is free of charge and takes only a few minutes.</p>

    <br/>
    <strong>Should you bring your second pillar to Tuleva?</strong>
    <p>I would do that – actually, I have my second pillar in Tuleva World Stocks Pension Fund and my third pillar also with Tuleva.<br><br>In fact, banks also have low-cost index funds in their product offering, but only with Tuleva can you be sure that the good funds are not hidden among high-fee ones that have so far performed pretty badly. Nobody at Tuleva will try to convince you to switch back to a high-cost fund.</p>

    <br/>
    <strong>Isn’t it better for risk diversification to keep my second pillar elsewhere?</strong>
    <p>All Estonian pension funds – both in the second and third pillar – have their assets well diversified among hundreds of investments. In addition, in all pension funds the investors are protected against the business risks of the fund manager. This is set in the Law and investors in pension funds themselves do not have to spread their assets between many fund managers for risk protection.<br><br>It is important to remember, however, that your money in pension funds is open to market risk. When world markets fall, all pension fund unit prices fall too. It does not help if your assets are spread among many fund managers.</p>

    <br/>
    <strong>Do you want to know why the second and third pillars are useful?</strong>
    <p><a href="https://tuleva.ee/en/recommendations/15-minutes/?utm_source=autoemail&utm_medium=clients&utm_campaign=sug_2.1&utm_content=laura_rikkaks">Read this short article</a> where I describe my investment portfolio, the foundation of which are the second and third pension pillars. You will also find links to a longer series of blog posts which should give you the confidence to start investing now. You will find that pension funds are very clever investment tools with significant tax advantages.</p>
    <br/>

    <p>If you have any questions please contact us via <a href="mailto:tuleva@tuleva.ee">tuleva@tuleva.ee</a> or 644 5100.</p>
    <br/>

    <p>Tõnu Pekk<br>Fund manager<br>Tuleva</p>
  </body>
</html>

]


third_pillar_suggest_second[et]=[
<!DOCTYPE HTML>
<html>
  <body>
    <p>Tervist, Jordan.</p>
    <p>Sa alustasid kogumist Tuleva madalate kulude ja tõestuspõhise investeerimisstrateegiaga kolmanda samba fondis. Märkasin, et teise sambasse sa veel koos meiega ei kogu.<br><br>Vanas pangafondis maksad igal aastal oma varast tasudeks kuni kolm korda rohkem. Vaata üle, kuhu sinu teise samba säästud täna lähevad - selleks <a href="https://pension.tuleva.ee/login?utm_source=autoemail&utm_medium=clients&utm_campaign=sug_2.1">logi sisse oma pensionikontole</a>. Fondivahetus on tasuta ja võtab vaid mõne minuti.</p>

    <br/>
    <strong>Kas sa peaksid oma teise samba just Tulevasse tooma?</strong>
    <p>Mina sinu asemel tooksin küll - ma ise kogungi teise sambasse Tuleva Maailma Aktsiate Pensionifondis ja kolmandasse sambasse samuti Tulevas.<br><br>Tegelikult on täna ka pankadel soodsama tasuga indeksifondid valikus olemas, aga ainult Tulevas võid kindel olla, et head fondid pole peidetud kõrge tasu ja siiani järjekindlalt kehvema tootlusega fondide vahele. Keegi Tulevas ei hakka sind kallimasse fondi tagasi meelitama.</p>

    <br/>
    <strong>Kas riskide hajutamiseks pole parem koguda teise sambasse mujal?</strong>
    <p>Kõigi Eesti pensionifondide - nii teise kui kolmanda samba fondide - vara on maailmaturu sadade instrumentide vahel väga hästi hajutatud. Lisaks on pensionikoguja kõigis pensionifondides kaitstud fondivalitseja äririski eest. Seda tagab seadus ja pensionikoguja ise ei pea riski maandamiseks raha mitme fondivalitseja vahel laiali jagama.<br><br>Oluline on ka meeles pidada, et sinu raha kõigis pensionifondides on avatud tururiskile. Kui maailma väärtpaberiturud langevad, siis langevad kõigi pensionifondide osakute hinnad. Siin vara jagamine erinevate fondivalitsejate aktsiatesse investeerivate fondide vahel ei aita.</p>

    <br/>
    <strong>Tahaksid lähemalt teada, milleks teine ja kolmas sammas kasulikud on?</strong>
    <p><a href="https://tuleva.ee/laura-rikkaks/15-minutiga-miljonariks/?utm_source=autoemail&utm_medium=clients&utm_campaign=sug_2.1&utm_content=laura_rikkaks">Loe läbi lühike artikkel</a>, kus kirjeldan oma lihtsat investeerimisportfelli, mille aluseks on teine ja kolmas pensionisammas. Artikli alt leiad viited pikemale artikliseeriale, mis peaks andma sulle enesekindluse investeerimisega alustamiseks. Saad väga hea arusaamise sellest, miks pensionisambad on kavalad maksueelisega tööriistad tuleviku heaks raha kogumiseks.</p>
    <br/>

    <p>Kui sul tekib ükskõik milliseid küsimusi, võta kõhklemata ühendust: e-post <a href="mailto:tuleva@tuleva.ee">tuleva@tuleva.ee</a>, tel 644 5100.</p>
    <br/>

    <p>Tõnu Pekk<br>Fondijuht<br>Tuleva</p>
  </body>
</html>

]